// Jest Snapshot v1, https://goo.gl/fbAQLP

exports[`<VideoPlayer /> renders and matches snapshot 1`] = `
<div>
  <div
    class="relative aspect-w-16 aspect-h-9"
  >
    <div
      class="absolute top-0 left-0"
      style="width: 100%; height: 100%;"
    />
  </div>
</div>
`;
